Component: Arm Compiler for Embedded 6.19 Tool: armlink [5e73cb00]

==============================================================================

Section Cross References

    startup.o(STACK) refers (Special) to heapauxi.o(.text) for __use_two_region_memory
    startup.o(HEAP) refers (Special) to heapauxi.o(.text) for __use_two_region_memory
    startup.o(RESET) refers (Special) to heapauxi.o(.text) for __use_two_region_memory
    startup.o(RESET) refers to startup.o(STACK) for StackMem
    startup.o(RESET) refers to main.o(.text.Timer2A_Handler) for Timer2A_Handler
    startup.o(RESET) refers to main.o(.text.GPIOPortJ_Handler) for GPIOPortJ_Handler
    startup.o(RESET) refers to __main.o(!!!main) for __main
    startup.o(.text) refers (Special) to heapauxi.o(.text) for __use_two_region_memory
    startup.o(.text) refers to startup.o(HEAP) for HeapMem
    startup.o(.text) refers to startup.o(STACK) for StackMem
    gpio.o(.ARM.exidx.text.GPIO_Init) refers to gpio.o(.text.GPIO_Init) for [Anonymous Symbol]
    gpio.o(.ARM.exidx.text.timerInit) refers to gpio.o(.text.timerInit) for [Anonymous Symbol]
    gpio.o(.ARM.exidx.text.PortJ_Input) refers to gpio.o(.text.PortJ_Input) for [Anonymous Symbol]
    gpio.o(.ARM.exidx.text.PortN_Output) refers to gpio.o(.text.PortN_Output) for [Anonymous Symbol]
    gpio.o(.ARM.exidx.text.PortF_Output) refers to gpio.o(.text.PortF_Output) for [Anonymous Symbol]
    lcd.o(.text) refers to utils.o(.text) for SysTick_Wait1us
    teclado.o(.text) refers (Special) to utils.o(.text) for SysTick_Wait1us
    adc.o(.ARM.exidx.text.ADC_Init) refers to adc.o(.text.ADC_Init) for [Anonymous Symbol]
    adc.o(.ARM.exidx.text.ADC0_InSeq0) refers to adc.o(.text.ADC0_InSeq0) for [Anonymous Symbol]
    motordc.o(.text.dcMotor_init) refers to gpio.o(.text.PortF_Output) for PortF_Output
    motordc.o(.ARM.exidx.text.dcMotor_init) refers to motordc.o(.text.dcMotor_init) for [Anonymous Symbol]
    motordc.o(.ARM.exidx.text.PortE_Output) refers to motordc.o(.text.PortE_Output) for [Anonymous Symbol]
    motordc.o(.text.dcMotor_rotateMotor) refers to motordc.o(.text.PortE_Output) for PortE_Output
    motordc.o(.ARM.exidx.text.dcMotor_rotateMotor) refers to motordc.o(.text.dcMotor_rotateMotor) for [Anonymous Symbol]
    main.o(.text.main) refers to utils.o(.text) for PLL_Init
    main.o(.text.main) refers to gpio.o(.text.GPIO_Init) for GPIO_Init
    main.o(.text.main) refers to gpio.o(.text.timerInit) for timerInit
    main.o(.text.main) refers to adc.o(.text.ADC_Init) for ADC_Init
    main.o(.text.main) refers to lcd.o(.text) for LCD_GPIOinit
    main.o(.text.main) refers to teclado.o(.text) for Teclado_GPIO_Init
    main.o(.text.main) refers to main.o(.rodata.str1.1) for .L.str
    main.o(.text.main) refers to motordc.o(.text.dcMotor_init) for dcMotor_init
    main.o(.text.main) refers to main.o(.data.estado_atual) for estado_atual
    main.o(.text.main) refers to adc.o(.text.ADC0_InSeq0) for ADC0_InSeq0
    main.o(.text.main) refers to main.o(.bss.conv) for conv
    main.o(.text.main) refers to main.o(.bss.valor_atual) for valor_atual
    main.o(.text.main) refers to main.o(.bss.percentual) for percentual
    main.o(.text.main) refers to main.o(.bss.strEscreveVelocidade) for strEscreveVelocidade
    main.o(.text.main) refers to main.o(.data.strVelocidade) for strVelocidade
    main.o(.text.main) refers to strcpy.o(.text) for strcpy
    main.o(.text.main) refers to main.o(.bss.strPercentual) for strPercentual
    main.o(.text.main) refers to snprintf.o(.text) for snprintf
    main.o(.text.main) refers to strcat.o(.text) for strcat
    main.o(.text.main) refers to main.o(.data.escrever_mensagem) for escrever_mensagem
    main.o(.text.main) refers to main.o(.bss.configuracao) for configuracao
    main.o(.text.main) refers to main.o(.bss.sentido_atual) for sentido_atual
    main.o(.text.main) refers to main.o(.text.ChangeRotation_Handler) for ChangeRotation_Handler
    main.o(.ARM.exidx.text.main) refers to main.o(.text.main) for [Anonymous Symbol]
    main.o(.ARM.exidx.text.GPIOPortJ_Handler) refers to main.o(.text.GPIOPortJ_Handler) for [Anonymous Symbol]
    main.o(.text.ChangeRotation_Handler) refers to main.o(.bss.percentual) for percentual
    main.o(.text.ChangeRotation_Handler) refers to utils.o(.text) for SysTick_Wait1ms
    main.o(.text.ChangeRotation_Handler) refers to main.o(.bss.sentido_atual) for sentido_atual
    main.o(.ARM.exidx.text.ChangeRotation_Handler) refers to main.o(.text.ChangeRotation_Handler) for [Anonymous Symbol]
    main.o(.text.Timer2A_Handler) refers to main.o(.bss.alto) for alto
    main.o(.text.Timer2A_Handler) refers to main.o(.bss.percentual) for percentual
    main.o(.text.Timer2A_Handler) refers to main.o(.bss.sentido_atual) for sentido_atual
    main.o(.text.Timer2A_Handler) refers to motordc.o(.text.dcMotor_rotateMotor) for dcMotor_rotateMotor
[...]
    ../clib/locale.c                         0x00000000   Number         0  _c16rtomb.o ABSOLUTE
    ../clib/locale.s                         0x00000000   Number         0  lc_numeric_c.o ABSOLUTE
    ../clib/locale.s                         0x00000000   Number         0  lc_ctype_c.o ABSOLUTE
    ../clib/longlong.s                       0x00000000   Number         0  lludiv10.o ABSOLUTE
    ../clib/longlong.s                       0x00000000   Number         0  llushr.o ABSOLUTE
    ../clib/memcpset.s                       0x00000000   Number         0  strcmpv7em.o ABSOLUTE
    ../clib/misc.s                           0x00000000   Number         0  printf_stubs.o ABSOLUTE
    ../clib/printf.c                         0x00000000   Number         0  snprintf.o ABSOLUTE
    ../clib/printf.c                         0x00000000   Number         0  __printf.o ABSOLUTE
    ../clib/printf.c                         0x00000000   Number         0  _printf_pad.o ABSOLUTE
    ../clib/printf.c                         0x00000000   Number         0  _printf_truncate.o ABSOLUTE
    ../clib/printf.c                         0x00000000   Number         0  _printf_str.o ABSOLUTE
    ../clib/printf.c                         0x00000000   Number         0  _printf_dec.o ABSOLUTE
    ../clib/printf.c                         0x00000000   Number         0  _printf_charcount.o ABSOLUTE
    ../clib/printf.c                         0x00000000   Number         0  _printf_char_common.o ABSOLUTE
    ../clib/printf.c                         0x00000000   Number         0  _snputc.o ABSOLUTE
    ../clib/printf.c                         0x00000000   Number         0  _printf_wctomb.o ABSOLUTE
    ../clib/printf.c                         0x00000000   Number         0  _printf_longlong_dec.o ABSOLUTE
    ../clib/printf.c                         0x00000000   Number         0  _printf_oct_ll.o ABSOLUTE
    ../clib/printf.c                         0x00000000   Number         0  _printf_oct_int.o ABSOLUTE
    ../clib/printf.c                         0x00000000   Number         0  _printf_oct_int_ll.o ABSOLUTE
    ../clib/printf.c                         0x00000000   Number         0  _printf_hex_ll.o ABSOLUTE
    ../clib/printf.c                         0x00000000   Number         0  _printf_hex_int.o ABSOLUTE
    ../clib/printf.c                         0x00000000   Number         0  _printf_hex_int_ll.o ABSOLUTE
    ../clib/printf.c                         0x00000000   Number         0  _printf_hex_ptr.o ABSOLUTE
    ../clib/printf.c                         0x00000000   Number         0  _printf_hex_int_ptr.o ABSOLUTE
    ../clib/printf.c                         0x00000000   Number         0  _printf_hex_ll_ptr.o ABSOLUTE
    ../clib/printf.c                         0x00000000   Number         0  _printf_hex_int_ll_ptr.o ABSOLUTE
    ../clib/printf.c                         0x00000000   Number         0  __printf_flags.o ABSOLUTE
    ../clib/printf.c                         0x00000000   Number         0  __printf_ss.o ABSOLUTE
    ../clib/printf.c                         0x00000000   Number         0  __printf_flags_ss.o ABSOLUTE
    ../clib/printf.c                         0x00000000   Number         0  __printf_wp.o ABSOLUTE
    ../clib/printf.c                         0x00000000   Number         0  __printf_flags_wp.o ABSOLUTE
    ../clib/printf.c                         0x00000000   Number         0  __printf_ss_wp.o ABSOLUTE
    ../clib/printf.c                         0x00000000   Number         0  __printf_flags_ss_wp.o ABSOLUTE
    ../clib/printf.c                         0x00000000   Number         0  _printf_intcommon.o ABSOLUTE
    ../clib/printf.c                         0x00000000   Number         0  _printf_fp_dec.o ABSOLUTE
    ../clib/printf.c                         0x00000000   Number         0  _printf_fp_dec_accurate.o ABSOLUTE
    ../clib/printf.c                         0x00000000   Number         0  _printf_fp_hex.o ABSOLUTE
    ../clib/printf.c                         0x00000000   Number         0  __printf_nopercent.o ABSOLUTE
    ../clib/printf.c                         0x00000000   Number         0  _printf_char.o ABSOLUTE
    ../clib/printf.c                         0x00000000   Number         0  _printf_wchar.o ABSOLUTE
    ../clib/printf.c                         0x00000000   Number         0  _printf_fp_infnan.o ABSOLUTE
    ../clib/printf_percent.s                 0x00000000   Number         0  _printf_c.o ABSOLUTE
    ../clib/printf_percent.s                 0x00000000   Number         0  _printf_s.o ABSOLUTE
    ../clib/printf_percent.s                 0x00000000   Number         0  _printf_n.o ABSOLUTE
    ../clib/printf_percent.s                 0x00000000   Number         0  _printf_x.o ABSOLUTE
    ../clib/printf_percent.s                 0x00000000   Number         0  _printf_p.o ABSOLUTE
    ../clib/printf_percent.s                 0x00000000   Number         0  _printf_o.o ABSOLUTE
    ../clib/printf_percent.s                 0x00000000   Number         0  _printf_i.o ABSOLUTE
    ../clib/printf_percent.s                 0x00000000   Number         0  _printf_d.o ABSOLUTE
    ../clib/printf_percent.s                 0x00000000   Number         0  _printf_u.o ABSOLUTE
    ../clib/printf_percent.s                 0x00000000   Number         0  _printf_f.o ABSOLUTE
    ../clib/printf_percent.s                 0x00000000   Number         0  _printf_e.o ABSOLUTE
    ../clib/printf_percent.s                 0x00000000   Number         0  _printf_g.o ABSOLUTE
    ../clib/printf_percent.s                 0x00000000   Number         0  _printf_a.o ABSOLUTE
    ../clib/printf_percent.s                 0x00000000   Number         0  _printf_percent.o ABSOLUTE
    ../clib/printf_percent.s                 0x00000000   Number         0  _printf_lli.o ABSOLUTE
    ../clib/printf_percent.s                 0x00000000   Number         0  _printf_lld.o ABSOLUTE
    ../clib/printf_percent.s                 0x00000000   Number         0  _printf_llu.o ABSOLUTE
    ../clib/printf_percent.s                 0x00000000   Number         0  _printf_ll.o ABSOLUTE
    ../clib/printf_percent.s                 0x00000000   Number         0  _printf_l.o ABSOLUTE
    ../clib/printf_percent.s                 0x00000000   Number         0  _printf_lc.o ABSOLUTE
    ../clib/printf_percent.s                 0x00000000   Number         0  _printf_ls.o ABSOLUTE
    ../clib/printf_percent.s                 0x00000000   Number         0  _printf_llo.o ABSOLUTE
    ../clib/printf_percent.s                 0x00000000   Number         0  _printf_llx.o ABSOLUTE
    ../clib/printf_percent.s                 0x00000000   Number         0  _printf_percent_end.o ABSOLUTE
    ../clib/signal.c                         0x00000000   Number         0  defsig_rtmem_outer.o ABSOLUTE
    ../clib/signal.c                         0x00000000   Number         0  defsig_rtmem_formal.o ABSOLUTE
    ../clib/signal.c                         0x00000000   Number         0  defsig_exit.o ABSOLUTE
    ../clib/signal.c                         0x00000000   Number         0  defsig_rtmem_inner.o ABSOLUTE
    ../clib/signal.c                         0x00000000   Number         0  __raise.o ABSOLUTE
    ../clib/signal.c                         0x00000000   Number         0  defsig_general.o ABSOLUTE
    ../clib/signal.c                         0x00000000   Number         0  defsig_abrt_inner.o ABSOLUTE
    ../clib/signal.c                         0x00000000   Number         0  defsig_fpe_inner.o ABSOLUTE
    ../clib/signal.c                         0x00000000   Number         0  defsig_rtred_inner.o ABSOLUTE
    ../clib/signal.c                         0x00000000   Number         0  defsig_stak_inner.o ABSOLUTE
    ../clib/signal.c                         0x00000000   Number         0  defsig_pvfn_inner.o ABSOLUTE
    ../clib/signal.c                         0x00000000   Number         0  defsig_cppl_inner.o ABSOLUTE
    ../clib/signal.c                         0x00000000   Number         0  defsig_segv_inner.o ABSOLUTE
    ../clib/signal.c                         0x00000000   Number         0  defsig_other.o ABSOLUTE
    ../clib/signal.s                         0x00000000   Number         0  defsig.o ABSOLUTE
    ../clib/stdlib.c                         0x00000000   Number         0  exit.o ABSOLUTE
    ../clib/string.c                         0x00000000   Number         0  strcpy.o ABSOLUTE
    ../clib/string.c                         0x00000000   Number         0  strcat.o ABSOLUTE
    ../fplib/fpinit.s                        0x00000000   Number         0  fpinit.o ABSOLUTE
    ../fplib/istatus.s                       0x00000000   Number         0  istatus.o ABSOLUTE
    ../fplib/printf1.s                       0x00000000   Number         0  printf1.o ABSOLUTE
    ../fplib/printf2.s                       0x00000000   Number         0  printf2.o ABSOLUTE
    ../fplib/printf2a.s                      0x00000000   Number         0  printf2a.o ABSOLUTE
    ../fplib/printf2b.s                      0x00000000   Number         0  printf2b.o ABSOLUTE
    ../fplib/usenofp.s                       0x00000000   Number         0  usenofp.o ABSOLUTE
    ../mathlib/fpclassify.c                  0x00000000   Number         0  fpclassify.o ABSOLUTE
    adc.c                                    0x00000000   Number         0  adc.o ABSOLUTE
    dc.s                                     0x00000000   Number         0  dc.o ABSOLUTE
    gpio.c                                   0x00000000   Number         0  gpio.o ABSOLUTE
    lcd.s                                    0x00000000   Number         0  lcd.o ABSOLUTE
    main.c                                   0x00000000   Number         0  main.o ABSOLUTE
    motorDC.c                                0x00000000   Number         0  motordc.o ABSOLUTE
    startup.s                                0x00000000   Number         0  startup.o ABSOLUTE
    teclado.s                                0x00000000   Number         0  teclado.o ABSOLUTE
    utils.s                                  0x00000000   Number         0  utils.o ABSOLUTE
    RESET                                    0x00000000   Section      560  startup.o(RESET)
    $v0                                      0x00000208   Number         0  startup.o(RESET)
    !!!main                                  0x00000230   Section        8  __main.o(!!!main)
    !!!scatter                               0x00000238   Section       52  __scatter.o(!!!scatter)
    !!handler_copy                           0x0000026c   Section       26  __scatter_copy.o(!!handler_copy)
    !!handler_zi                             0x00000288   Section       28  __scatter_zi.o(!!handler_zi)
    .ARM.Collect$$_printf_percent$$00000000  0x000002a4   Section        0  _printf_percent.o(.ARM.Collect$$_printf_percent$$00000000)
    .ARM.Collect$$_printf_percent$$00000001  0x000002a4   Section        6  _printf_n.o(.ARM.Collect$$_printf_percent$$00000001)
    .ARM.Collect$$_printf_percent$$00000002  0x000002aa   Section        6  _printf_p.o(.ARM.Collect$$_printf_percent$$00000002)
    .ARM.Collect$$_printf_percent$$00000003  0x000002b0   Section        6  _printf_f.o(.ARM.Collect$$_printf_percent$$00000003)
    .ARM.Collect$$_printf_percent$$00000004  0x000002b6   Section        6  _printf_e.o(.ARM.Collect$$_printf_percent$$00000004)
    .ARM.Collect$$_printf_percent$$00000005  0x000002bc   Section        6  _printf_g.o(.ARM.Collect$$_printf_percent$$00000005)
    .ARM.Collect$$_printf_percent$$00000006  0x000002c2   Section        6  _printf_a.o(.ARM.Collect$$_printf_percent$$00000006)
    .ARM.Collect$$_printf_percent$$00000007  0x000002c8   Section       10  _printf_ll.o(.ARM.Collect$$_printf_percent$$00000007)
    .ARM.Collect$$_printf_percent$$00000008  0x000002d2   Section        6  _printf_i.o(.ARM.Collect$$_printf_percent$$00000008)
    .ARM.Collect$$_printf_percent$$00000009  0x000002d8   Section        6  _printf_d.o(.ARM.Collect$$_printf_percent$$00000009)
    .ARM.Collect$$_printf_percent$$0000000A  0x000002de   Section        6  _printf_u.o(.ARM.Collect$$_printf_percent$$0000000A)
    .ARM.Collect$$_printf_percent$$0000000B  0x000002e4   Section        6  _printf_o.o(.ARM.Collect$$_printf_percent$$0000000B)
    .ARM.Collect$$_printf_percent$$0000000C  0x000002ea   Section        6  _printf_x.o(.ARM.Collect$$_printf_percent$$0000000C)
    .ARM.Collect$$_printf_percent$$0000000D  0x000002f0   Section        6  _printf_lli.o(.ARM.Collect$$_printf_percent$$0000000D)
    .ARM.Collect$$_printf_percent$$0000000E  0x000002f6   Section        6  _printf_lld.o(.ARM.Collect$$_printf_percent$$0000000E)
    .ARM.Collect$$_printf_percent$$0000000F  0x000002fc   Section        6  _printf_llu.o(.ARM.Collect$$_printf_percent$$0000000F)
    .ARM.Collect$$_printf_percent$$00000010  0x00000302   Section        6  _printf_llo.o(.ARM.Collect$$_printf_percent$$00000010)
    .ARM.Collect$$_printf_percent$$00000011  0x00000308   Section        6  _printf_llx.o(.ARM.Collect$$_printf_percent$$00000011)
    .ARM.Collect$$_printf_percent$$00000012  0x0000030e   Section       10  _printf_l.o(.ARM.Collect$$_printf_percent$$00000012)
    .ARM.Collect$$_printf_percent$$00000013  0x00000318   Section        6  _printf_c.o(.ARM.Collect$$_printf_percent$$00000013)
    .ARM.Collect$$_printf_percent$$00000014  0x0000031e   Section        6  _printf_s.o(.ARM.Collect$$_printf_percent$$00000014)
    .ARM.Collect$$_printf_percent$$00000015  0x00000324   Section        6  _printf_lc.o(.ARM.Collect$$_printf_percent$$00000015)
    .ARM.Collect$$_printf_percent$$00000016  0x0000032a   Section        6  _printf_ls.o(.ARM.Collect$$_printf_percent$$00000016)
    .ARM.Collect$$_printf_percent$$00000017  0x00000330   Section        4  _printf_percent_end.o(.ARM.Collect$$_printf_percent$$00000017)
    .ARM.Collect$$libinit$$00000000          0x00000334   Section        2  libinit.o(.ARM.Collect$$libinit$$00000000)
    .ARM.Collect$$libinit$$00000001          0x00000336   Section        4  libinit2.o(.ARM.Collect$$libinit$$00000001)
    .ARM.Collect$$libinit$$00000004          0x0000033a   Section        0  libinit2.o(.ARM.Collect$$libinit$$00000004)
    .ARM.Collect$$libinit$$00000006          0x0000033a   Section        0  libinit2.o(.ARM.Collect$$libinit$$00000006)
    .ARM.Collect$$libinit$$0000000C          0x0000033a   Section        0  libinit2.o(.ARM.Collect$$libinit$$0000000C)
    .ARM.Collect$$libinit$$0000000E          0x0000033a   Section        0  libinit2.o(.ARM.Collect$$libinit$$0000000E)
    .ARM.Collect$$libinit$$00000010          0x0000033a   Section        0  libinit2.o(.ARM.Collect$$libinit$$00000010)
    .ARM.Collect$$libinit$$00000011          0x0000033a   Section        6  libinit2.o(.ARM.Collect$$libinit$$00000011)
    .ARM.Collect$$libinit$$00000013          0x00000340   Section        0  libinit2.o(.ARM.Collect$$libinit$$00000013)
    .ARM.Collect$$libinit$$00000014          0x00000340   Section       12  libinit2.o(.ARM.Collect$$libinit$$00000014)
    .ARM.Collect$$libinit$$00000015          0x0000034c   Section        0  libinit2.o(.ARM.Collect$$libinit$$00000015)
    .ARM.Collect$$libinit$$00000017          0x0000034c   Section        0  libinit2.o(.ARM.Collect$$libinit$$00000017)
    .ARM.Collect$$libinit$$00000018          0x0000034c   Section       10  libinit2.o(.ARM.Collect$$libinit$$00000018)
    .ARM.Collect$$libinit$$00000019          0x00000356   Section        0  libinit2.o(.ARM.Collect$$libinit$$00000019)
    .ARM.Collect$$libinit$$0000001B          0x00000356   Section        0  libinit2.o(.ARM.Collect$$libinit$$0000001B)
    .ARM.Collect$$libinit$$0000001D          0x00000356   Section        0  libinit2.o(.ARM.Collect$$libinit$$0000001D)
    .ARM.Collect$$libinit$$0000001F          0x00000356   Section        0  libinit2.o(.ARM.Collect$$libinit$$0000001F)
    .ARM.Collect$$libinit$$00000021          0x00000356   Section        0  libinit2.o(.ARM.Collect$$libinit$$00000021)
    .ARM.Collect$$libinit$$00000023          0x00000356   Section        0  libinit2.o(.ARM.Collect$$libinit$$00000023)
    .ARM.Collect$$libinit$$00000025          0x00000356   Section        0  libinit2.o(.ARM.Collect$$libinit$$00000025)
    .ARM.Collect$$libinit$$00000027          0x00000356   Section        0  libinit2.o(.ARM.Collect$$libinit$$00000027)
    .ARM.Collect$$libinit$$0000002E          0x00000356   Section        0  libinit2.o(.ARM.Collect$$libinit$$0000002E)
    .ARM.Collect$$libinit$$00000030          0x00000356   Section        0  libinit2.o(.ARM.Collect$$libinit$$00000030)
    .ARM.Collect$$libinit$$00000032          0x00000356   Section        0  libinit2.o(.ARM.Collect$$libinit$$00000032)
    .ARM.Collect$$libinit$$00000034          0x00000356   Section        0  libinit2.o(.ARM.Collect$$libinit$$00000034)
    .ARM.Collect$$libinit$$00000035          0x00000356   Section        2  libinit2.o(.ARM.Collect$$libinit$$00000035)
    .ARM.Collect$$libshutdown$$00000000      0x00000358   Section        2  libshutdown.o(.ARM.Collect$$libshutdown$$00000000)
    .ARM.Collect$$libshutdown$$00000002      0x0000035a   Section        0  libshutdown2.o(.ARM.Collect$$libshutdown$$00000002)
    .ARM.Collect$$libshutdown$$00000004      0x0000035a   Section        0  libshutdown2.o(.ARM.Collect$$libshutdown$$00000004)
    .ARM.Collect$$libshutdown$$00000007      0x0000035a   Section        0  libshutdown2.o(.ARM.Collect$$libshutdown$$00000007)
    .ARM.Collect$$libshutdown$$0000000A      0x0000035a   Section        0  libshutdown2.o(.ARM.Collect$$libshutdown$$0000000A)
    .ARM.Collect$$libshutdown$$0000000C      0x0000035a   Section        0  libshutdown2.o(.ARM.Collect$$libshutdown$$0000000C)
    .ARM.Collect$$libshutdown$$0000000F      0x0000035a   Section        0  libshutdown2.o(.ARM.Collect$$libshutdown$$0000000F)
    .ARM.Collect$$libshutdown$$00000010      0x0000035a   Section        2  libshutdown2.o(.ARM.Collect$$libshutdown$$00000010)
    .ARM.Collect$$rtentry$$00000000          0x0000035c   Section        0  __rtentry.o(.ARM.Collect$$rtentry$$00000000)
    .ARM.Collect$$rtentry$$00000002          0x0000035c   Section        0  __rtentry2.o(.ARM.Collect$$rtentry$$00000002)
    .ARM.Collect$$rtentry$$00000004          0x0000035c   Section        6  __rtentry4.o(.ARM.Collect$$rtentry$$00000004)
    .ARM.Collect$$rtentry$$00000009          0x00000362   Section        0  __rtentry2.o(.ARM.Collect$$rtentry$$00000009)
    .ARM.Collect$$rtentry$$0000000A          0x00000362   Section        4  __rtentry2.o(.ARM.Collect$$rtentry$$0000000A)
    .ARM.Collect$$rtentry$$0000000C          0x00000366   Section        0  __rtentry2.o(.ARM.Collect$$rtentry$$0000000C)
    .ARM.Collect$$rtentry$$0000000D          0x00000366   Section        8  __rtentry2.o(.ARM.Collect$$rtentry$$0000000D)
    .ARM.Collect$$rtexit$$00000000           0x0000036e   Section        2  rtexit.o(.ARM.Collect$$rtexit$$00000000)
    .ARM.Collect$$rtexit$$00000002           0x00000370   Section        0  rtexit2.o(.ARM.Collect$$rtexit$$00000002)
    .ARM.Collect$$rtexit$$00000003           0x00000370   Section        4  rtexit2.o(.ARM.Collect$$rtexit$$00000003)
    .ARM.Collect$$rtexit$$00000004           0x00000374   Section        6  rtexit2.o(.ARM.Collect$$rtexit$$00000004)
    $v0                                      0x0000037c   Number         0  startup.o(.text)
    .text                                    0x0000037c   Section       48  startup.o(.text)
    $v0                                      0x000003ac   Number         0  utils.o(.text)
    .text                                    0x000003ac   Section      484  utils.o(.text)
    $v0                                      0x00000590   Number         0  lcd.o(.text)
    .text                                    0x00000590   Section      604  lcd.o(.text)
    $v0                                      0x000007ec   Number         0  teclado.o(.text)
    .text                                    0x000007ec   Section      316  teclado.o(.text)
    .text                                    0x00000928   Section        0  snprintf.o(.text)
    .text                                    0x00000968   Section        0  strcpy.o(.text)
    .text                                    0x000009b0   Section        0  strcat.o(.text)
    .text                                    0x000009c8   Section        0  heapauxi.o(.text)
    .text                                    0x000009ce   Section        0  _printf_pad.o(.text)
    .text                                    0x00000a1c   Section        0  _printf_truncate.o(.text)
    .text                                    0x00000a40   Section        0  _printf_str.o(.text)
    .text                                    0x00000a94   Section        0  _printf_dec.o(.text)
    .text                                    0x00000b0c   Section        0  _printf_charcount.o(.text)
    _printf_input_char                       0x00000b35   Thumb Code    10  _printf_char_common.o(.text)
    .text                                    0x00000b34   Section        0  _printf_char_common.o(.text)
    .text                                    0x00000b64   Section        0  _snputc.o(.text)
    .text                                    0x00000b74   Section        0  _printf_wctomb.o(.text)
    .text                                    0x00000c30   Section        0  _printf_longlong_dec.o(.text)
    _printf_longlong_oct_internal            0x00000cad   Thumb Code     0  _printf_oct_int_ll.o(.text)
    .text                                    0x00000cac   Section        0  _printf_oct_int_ll.o(.text)
    _printf_hex_common                       0x00000d1d   Thumb Code     0  _printf_hex_int_ll_ptr.o(.text)
    .text                                    0x00000d1c   Section        0  _printf_hex_int_ll_ptr.o(.text)
    .text                                    0x00000db0   Section        0  __printf_flags_ss_wp.o(.text)
    .text                                    0x00000f38   Section      138  lludiv10.o(.text)
    .text                                    0x00000fc2   Section        0  _printf_intcommon.o(.text)
    _fp_digits                               0x00001075   Thumb Code   432  _printf_fp_dec.o(.text)
    .text                                    0x00001074   Section        0  _printf_fp_dec.o(.text)
    .text                                    0x00001490   Section        0  _printf_fp_hex.o(.text)
    .text                                    0x0000178c   Section        0  _printf_char.o(.text)
    .text                                    0x000017b8   Section        0  _printf_wchar.o(.text)
    .text                                    0x000017e4   Section        0  _c16rtomb.o(.text)
    .text                                    0x0000182c   Section       74  sys_stackheap_outer.o(.text)
    .text                                    0x00001878   Section       16  rt_ctype_table.o(.text)
    .text                                    0x00001888   Section        8  rt_locale_intlibspace.o(.text)
    .text                                    0x00001890   Section        0  _printf_fp_infnan.o(.text)
    .text                                    0x00001910   Section        0  bigflt0.o(.text)
    .text                                    0x000019f4   Section        0  exit.o(.text)
    .text                                    0x00001a08   Section        8  libspace.o(.text)
    .text                                    0x00001a10   Section      124  strcmpv7em.o(.text)
    .text                                    0x00001a8c   Section        0  sys_exit.o(.text)
    .text                                    0x00001a98   Section        2  use_no_semi.o(.text)
    .text                                    0x00001a9a   Section        0  indicate_semi.o(.text)
    [Anonymous Symbol]                       0x00001a9c   Section        0  adc.o(.text.ADC0_InSeq0)
    [Anonymous Symbol]                       0x00001ae4   Section        0  adc.o(.text.ADC_Init)
    [Anonymous Symbol]                       0x00001be4   Section        0  main.o(.text.ChangeRotation_Handler)
    [Anonymous Symbol]                       0x00001cc4   Section        0  main.o(.text.GPIOPortJ_Handler)
    [Anonymous Symbol]                       0x00001cd4   Section        0  gpio.o(.text.GPIO_Init)
    [Anonymous Symbol]                       0x00001e80   Section        0  motordc.o(.text.PortE_Output)
    [Anonymous Symbol]                       0x00001ea4   Section        0  gpio.o(.text.PortF_Output)
    [Anonymous Symbol]                       0x00001ec8   Section        0  main.o(.text.Timer2A_Handler)
    [Anonymous Symbol]                       0x00001f84   Section        0  motordc.o(.text.dcMotor_init)
    [Anonymous Symbol]                       0x00001ffc   Section        0  motordc.o(.text.dcMotor_rotateMotor)
    [Anonymous Symbol]                       0x00002034   Section        0  main.o(.text.main)
    [Anonymous Symbol]                       0x000023bc   Section        0  gpio.o(.text.timerInit)
    CL$$btod_d2e                             0x00002456   Section       62  btod.o(CL$$btod_d2e)
    CL$$btod_d2e_denorm_low                  0x00002494   Section       70  btod.o(CL$$btod_d2e_denorm_low)
    CL$$btod_d2e_norm_op1                    0x000024da   Section       96  btod.o(CL$$btod_d2e_norm_op1)
    CL$$btod_div_common                      0x0000253c   Section      824  btod.o(CL$$btod_div_common)
    CL$$btod_e2e                             0x00002874   Section      220  btod.o(CL$$btod_e2e)
    CL$$btod_ediv                            0x00002950   Section       42  btod.o(CL$$btod_ediv)
    CL$$btod_emul                            0x0000297a   Section       42  btod.o(CL$$btod_emul)
    CL$$btod_mult_common                     0x000029a4   Section      580  btod.o(CL$$btod_mult_common)
    i.__ARM_fpclassify                       0x00002be8   Section        0  fpclassify.o(i.__ARM_fpclassify)
    i._is_digit                              0x00002c18   Section        0  __printf_wp.o(i._is_digit)
    locale$$code                             0x00002c28   Section       44  lc_numeric_c.o(locale$$code)
    locale$$code                             0x00002c54   Section       44  lc_ctype_c.o(locale$$code)
    $v0                                      0x00002c80   Number         0  fpinit.o(x$fpl$fpinit)
    x$fpl$fpinit                             0x00002c80   Section       26  fpinit.o(x$fpl$fpinit)
    $v0                                      0x00002c9a   Number         0  printf1.o(x$fpl$printf1)
    x$fpl$printf1                            0x00002c9a   Section        4  printf1.o(x$fpl$printf1)
    $v0                                      0x00002c9e   Number         0  printf2.o(x$fpl$printf2)
    x$fpl$printf2                            0x00002c9e   Section        4  printf2.o(x$fpl$printf2)
    x$fpl$usenofp                            0x00002ca2   Section        0  usenofp.o(x$fpl$usenofp)
    initial_mbstate                          0x00002ca4   Data           8  _printf_wctomb.o(.constdata)
    .constdata                               0x00002ca4   Section        8  _printf_wctomb.o(.constdata)
    uc_hextab                                0x00002cac   Data          20  _printf_hex_int_ll_ptr.o(.constdata)
    .constdata                               0x00002cac   Section       40  _printf_hex_int_ll_ptr.o(.constdata)
    lc_hextab                                0x00002cc0   Data          20  _printf_hex_int_ll_ptr.o(.constdata)
    maptable                                 0x00002cd4   Data          17  __printf_flags_ss_wp.o(.constdata)
    .constdata                               0x00002cd4   Section       17  __printf_flags_ss_wp.o(.constdata)
    lc_hextab                                0x00002ce5   Data          19  _printf_fp_hex.o(.constdata)
    .constdata                               0x00002ce5   Section       38  _printf_fp_hex.o(.constdata)
    uc_hextab                                0x00002cf8   Data          19  _printf_fp_hex.o(.constdata)
    tenpwrs_x                                0x00002d0c   Data          60  bigflt0.o(.constdata)
    .constdata                               0x00002d0c   Section      148  bigflt0.o(.constdata)
    tenpwrs_i                                0x00002d48   Data          64  bigflt0.o(.constdata)
    .L.str                                   0x00002da0   Data          13  main.o(.rodata.str1.1)
    [Anonymous Symbol]                       0x00002da0   Section        0  main.o(.rodata.str1.1)
    .L.str.4                                 0x00002dad   Data           3  main.o(.rodata.str1.1)
    .L.str.5                                 0x00002db0   Data          17  main.o(.rodata.str1.1)
    .L.str.1                                 0x00002dc1   Data          16  main.o(.rodata.str1.1)
    .L.str.3                                 0x00002dd1   Data          17  main.o(.rodata.str1.1)
    .L.str.2                                 0x00002de2   Data          12  main.o(.rodata.str1.1)
    locale$$data                             0x00002e10   Section       28  lc_numeric_c.o(locale$$data)
    __lcnum_c_name                           0x00002e14   Data           2  lc_numeric_c.o(locale$$data)
    __lcnum_c_start                          0x00002e1c   Data           0  lc_numeric_c.o(locale$$data)
    __lcnum_c_point                          0x00002e28   Data           0  lc_numeric_c.o(locale$$data)
    __lcnum_c_thousands                      0x00002e2a   Data           0  lc_numeric_c.o(locale$$data)
    __lcnum_c_grouping                       0x00002e2b   Data           0  lc_numeric_c.o(locale$$data)
    __lcnum_c_end                            0x00002e2c   Data           0  lc_numeric_c.o(locale$$data)
    locale$$data                             0x00002e2c   Section      272  lc_ctype_c.o(locale$$data)
    __lcctype_c_name                         0x00002e30   Data           2  lc_ctype_c.o(locale$$data)
    __lcctype_c_start                        0x00002e38   Data           0  lc_ctype_c.o(locale$$data)
    __lcctype_c_end                          0x00002f3c   Data           0  lc_ctype_c.o(locale$$data)
    .bss                                     0x20000010   Section       96  libspace.o(.bss)
    HeapMem                                  0x200000f0   Data           0  startup.o(HEAP)
    StackMem                                 0x200000f0   Data           0  startup.o(STACK)
    HEAP                                     0x200000f0   Section        0  startup.o(HEAP)
    STACK                                    0x200000f0   Section     1024  startup.o(STACK)

    Global Symbols

    Symbol Name                              Value     Ov Type        Size  Object(Section)

    BuildAttributes$$THM_ISAv4$E$P$D$K$B$S$7EM$VFPi3$EXTD16$VFPS$VFMA$PE$A:L22UL41UL21$X:L11$S22US41US21$IEEE1$IW$~IW$USESV6$~STKCKD$USESV7$~SHL$OTIME$ROPI$IEEEJ$EBA8$UX$STANDARDLIB$REQ8$EABIv2 0x00000000   Number         0  anon$$obj.o ABSOLUTE
    __Vectors                                0x00000000   Data           0  startup.o(RESET)
    _printf_flags                            0x00000000   Number         0  printf_stubs.o ABSOLUTE
    _printf_return_value                     0x00000000   Number         0  printf_stubs.o ABSOLUTE
    _printf_sizespec                         0x00000000   Number         0  printf_stubs.o ABSOLUTE
    _printf_widthprec                        0x00000000   Number         0  printf_stubs.o ABSOLUTE
    __ARM_exceptions_init                     - Undefined Weak Reference
    __alloca_initialize                       - Undefined Weak Reference
    __arm_preinit_                            - Undefined Weak Reference
    __arm_relocate_pie_                       - Undefined Weak Reference
    __cpp_initialize__aeabi_                  - Undefined Weak Reference
    __cxa_finalize                            - Undefined Weak Reference
    __sigvec_lookup                           - Undefined Weak Reference
    _atexit_init                              - Undefined Weak Reference
    _call_atexit_fns                          - Undefined Weak Reference
    _clock_init                               - Undefined Weak Reference
    _fp_trap_init                             - Undefined Weak Reference
    _fp_trap_shutdown                         - Undefined Weak Reference
    _get_lc_collate                           - Undefined Weak Reference
    _get_lc_monetary                          - Undefined Weak Reference
    _get_lc_time                              - Undefined Weak Reference
    _getenv_init                              - Undefined Weak Reference
    _handle_redirection                       - Undefined Weak Reference
    _init_alloc                               - Undefined Weak Reference
    _init_user_alloc                          - Undefined Weak Reference
    _initio                                   - Undefined Weak Reference
    _printf_mbtowc                            - Undefined Weak Reference
    _printf_wc                                - Undefined Weak Reference
    _rand_init                                - Undefined Weak Reference
    _signal_finish                            - Undefined Weak Reference
    _signal_init                              - Undefined Weak Reference
    _terminate_alloc                          - Undefined Weak Reference
    _terminate_user_alloc                     - Undefined Weak Reference
    _terminateio                              - Undefined Weak Reference
    Reset_Handler                            0x00000209   Thumb Code     0  startup.o(RESET)
    NMI_Handler                              0x0000021d   Thumb Code     2  startup.o(RESET)
    HardFault_Handler                        0x0000021f   Thumb Code     2  startup.o(RESET)
    MemManage_Handler                        0x00000221   Thumb Code     2  startup.o(RESET)
    BusFault_Handler                         0x00000223   Thumb Code     2  startup.o(RESET)
    UsageFault_Handler                       0x00000225   Thumb Code     2  startup.o(RESET)
    SVC_Handler                              0x00000227   Thumb Code     2  startup.o(RESET)
    DebugMon_Handler                         0x00000229   Thumb Code     2  startup.o(RESET)
    PendSV_Handler                           0x0000022b   Thumb Code     2  startup.o(RESET)
    SysTick_Handler                          0x0000022d   Thumb Code     2  startup.o(RESET)
    ADC0Seq0_Handler                         0x0000022f   Thumb Code     0  startup.o(RESET)
    ADC0Seq1_Handler                         0x0000022f   Thumb Code     0  startup.o(RESET)
    ADC0Seq2_Handler                         0x0000022f   Thumb Code     0  startup.o(RESET)
    ADC0Seq3_Handler                         0x0000022f   Thumb Code     0  startup.o(RESET)
    ADC1Seq0_Handler                         0x0000022f   Thumb Code     0  startup.o(RESET)
    ADC1Seq1_Handler                         0x0000022f   Thumb Code     0  startup.o(RESET)
    ADC1Seq2_Handler                         0x0000022f   Thumb Code     0  startup.o(RESET)
    ADC1Seq3_Handler                         0x0000022f   Thumb Code     0  startup.o(RESET)
    CAN0_Handler                             0x0000022f   Thumb Code     0  startup.o(RESET)
    CAN1_Handler                             0x0000022f   Thumb Code     0  startup.o(RESET)
    Comp0_Handler                            0x0000022f   Thumb Code     0  startup.o(RESET)
    Comp1_Handler                            0x0000022f   Thumb Code     0  startup.o(RESET)
    Comp2_Handler                            0x0000022f   Thumb Code     0  startup.o(RESET)
    Ethernet_Handler                         0x0000022f   Thumb Code     0  startup.o(RESET)
    ExtBus_Handler                           0x0000022f   Thumb Code     0  startup.o(RESET)
    FPU_Handler                              0x0000022f   Thumb Code     0  startup.o(RESET)
    FlashCtl_Handler                         0x0000022f   Thumb Code     0  startup.o(RESET)
    GPIOPortA_Handler                        0x0000022f   Thumb Code     0  startup.o(RESET)
    GPIOPortB_Handler                        0x0000022f   Thumb Code     0  startup.o(RESET)
    GPIOPortC_Handler                        0x0000022f   Thumb Code     0  startup.o(RESET)
    GPIOPortD_Handler                        0x0000022f   Thumb Code     0  startup.o(RESET)
    GPIOPortE_Handler                        0x0000022f   Thumb Code     0  startup.o(RESET)
    GPIOPortF_Handler                        0x0000022f   Thumb Code     0  startup.o(RESET)
    GPIOPortG_Handler                        0x0000022f   Thumb Code     0  startup.o(RESET)
    GPIOPortH_Handler                        0x0000022f   Thumb Code     0  startup.o(RESET)
    GPIOPortK_Handler                        0x0000022f   Thumb Code     0  startup.o(RESET)
    GPIOPortL_Handler                        0x0000022f   Thumb Code     0  startup.o(RESET)
    GPIOPortM_Handler                        0x0000022f   Thumb Code     0  startup.o(RESET)
    GPIOPortN_Handler                        0x0000022f   Thumb Code     0  startup.o(RESET)
    GPIOPortP1_Handler                       0x0000022f   Thumb Code     0  startup.o(RESET)
    GPIOPortP2_Handler                       0x0000022f   Thumb Code     0  startup.o(RESET)
    GPIOPortP3_Handler                       0x0000022f   Thumb Code     0  startup.o(RESET)
    GPIOPortP4_Handler                       0x0000022f   Thumb Code     0  startup.o(RESET)
    GPIOPortP5_Handler                       0x0000022f   Thumb Code     0  startup.o(RESET)
    GPIOPortP6_Handler                       0x0000022f   Thumb Code     0  startup.o(RESET)
    GPIOPortP7_Handler                       0x0000022f   Thumb Code     0  startup.o(RESET)
    GPIOPortP_Handler                        0x0000022f   Thumb Code     0  startup.o(RESET)
    GPIOPortQ1_Handler                       0x0000022f   Thumb Code     0  startup.o(RESET)
    GPIOPortQ2_Handler                       0x0000022f   Thumb Code     0  startup.o(RESET)
    GPIOPortQ3_Handler                       0x0000022f   Thumb Code     0  startup.o(RESET)
    GPIOPortQ4_Handler                       0x0000022f   Thumb Code     0  startup.o(RESET)
    GPIOPortQ5_Handler                       0x0000022f   Thumb Code     0  startup.o(RESET)
    GPIOPortQ6_Handler                       0x0000022f   Thumb Code     0  startup.o(RESET)
    GPIOPortQ7_Handler                       0x0000022f   Thumb Code     0  startup.o(RESET)
    GPIOPortQ_Handler                        0x0000022f   Thumb Code     0  startup.o(RESET)
    Hibernate_Handler                        0x0000022f   Thumb Code     0  startup.o(RESET)
    I2C0_Handler                             0x0000022f   Thumb Code     0  startup.o(RESET)
    I2C1_Handler                             0x0000022f   Thumb Code     0  startup.o(RESET)
    I2C2_Handler                             0x0000022f   Thumb Code     0  startup.o(RESET)
    I2C3_Handler                             0x0000022f   Thumb Code     0  startup.o(RESET)
    I2C4_Handler                             0x0000022f   Thumb Code     0  startup.o(RESET)
    I2C5_Handler                             0x0000022f   Thumb Code     0  startup.o(RESET)
    I2C6_Handler                             0x0000022f   Thumb Code     0  startup.o(RESET)
    I2C7_Handler                             0x0000022f   Thumb Code     0  startup.o(RESET)
    I2C8_Handler                             0x0000022f   Thumb Code     0  startup.o(RESET)
    I2C9_Handler                             0x0000022f   Thumb Code     0  startup.o(RESET)
    PWM0Fault_Handler                        0x0000022f   Thumb Code     0  startup.o(RESET)
    PWM0Generator0_Handler                   0x0000022f   Thumb Code     0  startup.o(RESET)
    PWM0Generator1_Handler                   0x0000022f   Thumb Code     0  startup.o(RESET)
    PWM0Generator2_Handler                   0x0000022f   Thumb Code     0  startup.o(RESET)
    PWM0Generator3_Handler                   0x0000022f   Thumb Code     0  startup.o(RESET)
    Quadrature0_Handler                      0x0000022f   Thumb Code     0  startup.o(RESET)
    SSI0_Handler                             0x0000022f   Thumb Code     0  startup.o(RESET)
    SSI1_Handler                             0x0000022f   Thumb Code     0  startup.o(RESET)
    SSI2_Handler                             0x0000022f   Thumb Code     0  startup.o(RESET)
    SSI3_Handler                             0x0000022f   Thumb Code     0  startup.o(RESET)
    SysCtl_Handler                           0x0000022f   Thumb Code     0  startup.o(RESET)
    Tamper_Handler                           0x0000022f   Thumb Code     0  startup.o(RESET)
    Timer0A_Handler                          0x0000022f   Thumb Code     0  startup.o(RESET)
    Timer0B_Handler                          0x0000022f   Thumb Code     0  startup.o(RESET)
    Timer1A_Handler                          0x0000022f   Thumb Code     0  startup.o(RESET)
    Timer1B_Handler                          0x0000022f   Thumb Code     0  startup.o(RESET)
    Timer2B_Handler                          0x0000022f   Thumb Code     0  startup.o(RESET)
    Timer3A_Handler                          0x0000022f   Thumb Code     0  startup.o(RESET)
    Timer3B_Handler                          0x0000022f   Thumb Code     0  startup.o(RESET)
    Timer4A_Handler                          0x0000022f   Thumb Code     0  startup.o(RESET)
    Timer4B_Handler                          0x0000022f   Thumb Code     0  startup.o(RESET)
    Timer5A_Handler                          0x0000022f   Thumb Code     0  startup.o(RESET)
    Timer5B_Handler                          0x0000022f   Thumb Code     0  startup.o(RESET)
    Timer6A_Handler                          0x0000022f   Thumb Code     0  startup.o(RESET)
    Timer6B_Handler                          0x0000022f   Thumb Code     0  startup.o(RESET)
    Timer7A_Handler                          0x0000022f   Thumb Code     0  startup.o(RESET)
    Timer7B_Handler                          0x0000022f   Thumb Code     0  startup.o(RESET)
    UART0_Handler                            0x0000022f   Thumb Code     0  startup.o(RESET)
    UART1_Handler                            0x0000022f   Thumb Code     0  startup.o(RESET)
    UART2_Handler                            0x0000022f   Thumb Code     0  startup.o(RESET)
    UART3_Handler                            0x0000022f   Thumb Code     0  startup.o(RESET)
    UART4_Handler                            0x0000022f   Thumb Code     0  startup.o(RESET)
    UART5_Handler                            0x0000022f   Thumb Code     0  startup.o(RESET)
    UART6_Handler                            0x0000022f   Thumb Code     0  startup.o(RESET)
    UART7_Handler                            0x0000022f   Thumb Code     0  startup.o(RESET)
    USB0_Handler                             0x0000022f   Thumb Code     0  startup.o(RESET)
    WDT_Handler                              0x0000022f   Thumb Code     0  startup.o(RESET)
    uDMA_Error                               0x0000022f   Thumb Code     0  startup.o(RESET)
    uDMA_Handler                             0x0000022f   Thumb Code     0  startup.o(RESET)
    __main                                   0x00000231   Thumb Code     8  __main.o(!!!main)
    __scatterload                            0x00000239   Thumb Code     0  __scatter.o(!!!scatter)
    __scatterload_rt2                        0x00000239   Thumb Code    44  __scatter.o(!!!scatter)
    __scatterload_rt2_thumb_only             0x00000239   Thumb Code     0  __scatter.o(!!!scatter)
    __scatterload_null                       0x00000247   Thumb Code     0  __scatter.o(!!!scatter)
    __scatterload_copy                       0x0000026d   Thumb Code    26  __scatter_copy.o(!!handler_copy)
    __scatterload_zeroinit                   0x00000289   Thumb Code    28  __scatter_zi.o(!!handler_zi)
    _printf_n                                0x000002a5   Thumb Code     0  _printf_n.o(.ARM.Collect$$_printf_percent$$00000001)
    _printf_percent                          0x000002a5   Thumb Code     0  _printf_percent.o(.ARM.Collect$$_printf_percent$$00000000)
    _printf_p                                0x000002ab   Thumb Code     0  _printf_p.o(.ARM.Collect$$_printf_percent$$00000002)
    _printf_f                                0x000002b1   Thumb Code     0  _printf_f.o(.ARM.Collect$$_printf_percent$$00000003)
    _printf_e                                0x000002b7   Thumb Code     0  _printf_e.o(.ARM.Collect$$_printf_percent$$00000004)
    _printf_g                                0x000002bd   Thumb Code     0  _printf_g.o(.ARM.Collect$$_printf_percent$$00000005)
    _printf_a                                0x000002c3   Thumb Code     0  _printf_a.o(.ARM.Collect$$_printf_percent$$00000006)
    _printf_ll                               0x000002c9   Thumb Code     0  _printf_ll.o(.ARM.Collect$$_printf_percent$$00000007)
    _printf_i                                0x000002d3   Thumb Code     0  _printf_i.o(.ARM.Collect$$_printf_percent$$00000008)
    _printf_d                                0x000002d9   Thumb Code     0  _printf_d.o(.ARM.Collect$$_printf_percent$$00000009)
    _printf_u                                0x000002df   Thumb Code     0  _printf_u.o(.ARM.Collect$$_printf_percent$$0000000A)
    _printf_o                                0x000002e5   Thumb Code     0  _printf_o.o(.ARM.Collect$$_printf_percent$$0000000B)
    _printf_x                                0x000002eb   Thumb Code     0  _printf_x.o(.ARM.Collect$$_printf_percent$$0000000C)
    _printf_lli                              0x000002f1   Thumb Code     0  _printf_lli.o(.ARM.Collect$$_printf_percent$$0000000D)
    _printf_lld                              0x000002f7   Thumb Code     0  _printf_lld.o(.ARM.Collect$$_printf_percent$$0000000E)
    _printf_llu                              0x000002fd   Thumb Code     0  _printf_llu.o(.ARM.Collect$$_printf_percent$$0000000F)
    _printf_llo                              0x00000303   Thumb Code     0  _printf_llo.o(.ARM.Collect$$_printf_percent$$00000010)
    _printf_llx                              0x00000309   Thumb Code     0  _printf_llx.o(.ARM.Collect$$_printf_percent$$00000011)
    _printf_l                                0x0000030f   Thumb Code     0  _printf_l.o(.ARM.Collect$$_printf_percent$$00000012)
    _printf_c                                0x00000319   Thumb Code     0  _printf_c.o(.ARM.Collect$$_printf_percent$$00000013)
    _printf_s                                0x0000031f   Thumb Code     0  _printf_s.o(.ARM.Collect$$_printf_percent$$00000014)
    _printf_lc                               0x00000325   Thumb Code     0  _printf_lc.o(.ARM.Collect$$_printf_percent$$00000015)
    _printf_ls                               0x0000032b   Thumb Code     0  _printf_ls.o(.ARM.Collect$$_printf_percent$$00000016)
    _printf_percent_end                      0x00000331   Thumb Code     0  _printf_percent_end.o(.ARM.Collect$$_printf_percent$$00000017)
    __rt_lib_init                            0x00000335   Thumb Code     0  libinit.o(.ARM.Collect$$libinit$$00000000)
    __rt_lib_init_fp_1                       0x00000337   Thumb Code     0  libinit2.o(.ARM.Collect$$libinit$$00000001)
    __rt_lib_init_heap_1                     0x0000033b   Thumb Code     0  libinit2.o(.ARM.Collect$$libinit$$0000000C)
    __rt_lib_init_lc_common                  0x0000033b   Thumb Code     0  libinit2.o(.ARM.Collect$$libinit$$00000011)
    __rt_lib_init_preinit_1                  0x0000033b   Thumb Code     0  libinit2.o(.ARM.Collect$$libinit$$00000006)
    __rt_lib_init_rand_1                     0x0000033b   Thumb Code     0  libinit2.o(.ARM.Collect$$libinit$$00000010)
    __rt_lib_init_relocate_pie_1             0x0000033b   Thumb Code     0  libinit2.o(.ARM.Collect$$libinit$$00000004)
    __rt_lib_init_user_alloc_1               0x0000033b   Thumb Code     0  libinit2.o(.ARM.Collect$$libinit$$0000000E)
    __rt_lib_init_lc_collate_1               0x00000341   Thumb Code     0  libinit2.o(.ARM.Collect$$libinit$$00000013)
    __rt_lib_init_lc_ctype_2                 0x00000341   Thumb Code     0  libinit2.o(.ARM.Collect$$libinit$$00000014)
    __rt_lib_init_lc_ctype_1                 0x0000034d   Thumb Code     0  libinit2.o(.ARM.Collect$$libinit$$00000015)
    __rt_lib_init_lc_monetary_1              0x0000034d   Thumb Code     0  libinit2.o(.ARM.Collect$$libinit$$00000017)
    __rt_lib_init_lc_numeric_2               0x0000034d   Thumb Code     0  libinit2.o(.ARM.Collect$$libinit$$00000018)
    __rt_lib_init_alloca_1                   0x00000357   Thumb Code     0  libinit2.o(.ARM.Collect$$libinit$$00000030)
    __rt_lib_init_argv_1                     0x00000357   Thumb Code     0  libinit2.o(.ARM.Collect$$libinit$$0000002E)
    __rt_lib_init_atexit_1                   0x00000357   Thumb Code     0  libinit2.o(.ARM.Collect$$libinit$$0000001D)
    __rt_lib_init_clock_1                    0x00000357   Thumb Code     0  libinit2.o(.ARM.Collect$$libinit$$00000023)
    __rt_lib_init_cpp_1                      0x00000357   Thumb Code     0  libinit2.o(.ARM.Collect$$libinit$$00000034)
    __rt_lib_init_exceptions_1               0x00000357   Thumb Code     0  libinit2.o(.ARM.Collect$$libinit$$00000032)
    __rt_lib_init_fp_trap_1                  0x00000357   Thumb Code     0  libinit2.o(.ARM.Collect$$libinit$$00000021)
    __rt_lib_init_getenv_1                   0x00000357   Thumb Code     0  libinit2.o(.ARM.Collect$$libinit$$00000025)
    __rt_lib_init_lc_numeric_1               0x00000357   Thumb Code     0  libinit2.o(.ARM.Collect$$libinit$$00000019)
    __rt_lib_init_lc_time_1                  0x00000357   Thumb Code     0  libinit2.o(.ARM.Collect$$libinit$$0000001B)
    __rt_lib_init_return                     0x00000357   Thumb Code     0  libinit2.o(.ARM.Collect$$libinit$$00000035)
    __rt_lib_init_signal_1                   0x00000357   Thumb Code     0  libinit2.o(.ARM.Collect$$libinit$$0000001F)
    __rt_lib_init_stdio_1                    0x00000357   Thumb Code     0  libinit2.o(.ARM.Collect$$libinit$$00000027)
    __rt_lib_shutdown                        0x00000359   Thumb Code     0  libshutdown.o(.ARM.Collect$$libshutdown$$00000000)
    __rt_lib_shutdown_cpp_1                  0x0000035b   Thumb Code     0  libshutdown2.o(.ARM.Collect$$libshutdown$$00000002)
    __rt_lib_shutdown_fp_trap_1              0x0000035b   Thumb Code     0  libshutdown2.o(.ARM.Collect$$libshutdown$$00000007)
    __rt_lib_shutdown_heap_1                 0x0000035b   Thumb Code     0  libshutdown2.o(.ARM.Collect$$libshutdown$$0000000F)
    __rt_lib_shutdown_return                 0x0000035b   Thumb Code     0  libshutdown2.o(.ARM.Collect$$libshutdown$$00000010)
    __rt_lib_shutdown_signal_1               0x0000035b   Thumb Code     0  libshutdown2.o(.ARM.Collect$$libshutdown$$0000000A)
    __rt_lib_shutdown_stdio_1                0x0000035b   Thumb Code     0  libshutdown2.o(.ARM.Collect$$libshutdown$$00000004)
    __rt_lib_shutdown_user_alloc_1           0x0000035b   Thumb Code     0  libshutdown2.o(.ARM.Collect$$libshutdown$$0000000C)
    __rt_entry                               0x0000035d   Thumb Code     0  __rtentry.o(.ARM.Collect$$rtentry$$00000000)
    __rt_entry_presh_1                       0x0000035d   Thumb Code     0  __rtentry2.o(.ARM.Collect$$rtentry$$00000002)
    __rt_entry_sh                            0x0000035d   Thumb Code     0  __rtentry4.o(.ARM.Collect$$rtentry$$00000004)
    __rt_entry_li                            0x00000363   Thumb Code     0  __rtentry2.o(.ARM.Collect$$rtentry$$0000000A)
    __rt_entry_postsh_1                      0x00000363   Thumb Code     0  __rtentry2.o(.ARM.Collect$$rtentry$$00000009)
    __rt_entry_main                          0x00000367   Thumb Code     0  __rtentry2.o(.ARM.Collect$$rtentry$$0000000D)
    __rt_entry_postli_1                      0x00000367   Thumb Code     0  __rtentry2.o(.ARM.Collect$$rtentry$$0000000C)
    __rt_exit                                0x0000036f   Thumb Code     0  rtexit.o(.ARM.Collect$$rtexit$$00000000)
    __rt_exit_ls                             0x00000371   Thumb Code     0  rtexit2.o(.ARM.Collect$$rtexit$$00000003)
    __rt_exit_prels_1                        0x00000371   Thumb Code     0  rtexit2.o(.ARM.Collect$$rtexit$$00000002)
    __rt_exit_exit                           0x00000375   Thumb Code     0  rtexit2.o(.ARM.Collect$$rtexit$$00000004)
    DisableInterrupts                        0x0000037d   Thumb Code     0  startup.o(.text)
    EnableInterrupts                         0x00000381   Thumb Code     0  startup.o(.text)
    StartCritical                            0x00000385   Thumb Code     0  startup.o(.text)
    EndCritical                              0x0000038d   Thumb Code     0  startup.o(.text)
    WaitForInterrupt                         0x00000393   Thumb Code     0  startup.o(.text)
    __user_initial_stackheap                 0x00000397   Thumb Code     0  startup.o(.text)
    PLL_Init                                 0x000003ad   Thumb Code     0  utils.o(.text)
    SysTick_Init                             0x000004d5   Thumb Code     0  utils.o(.text)
    SysTick_Wait1ms                          0x0000050f   Thumb Code     0  utils.o(.text)
    SysTick_Wait1us                          0x00000521   Thumb Code     0  utils.o(.text)
    LCD_GPIOinit                             0x00000591   Thumb Code     0  lcd.o(.text)
    Display_Init                             0x00000619   Thumb Code     0  lcd.o(.text)
    Display_Config                           0x0000068b   Thumb Code     0  lcd.o(.text)
    Display_Clear                            0x000006df   Thumb Code     0  lcd.o(.text)
    Display_Write                            0x000006f5   Thumb Code     0  lcd.o(.text)
    EscreveTextoLCD                          0x00000775   Thumb Code     0  lcd.o(.text)
    PulaSegundaLinha                         0x0000078f   Thumb Code     0  lcd.o(.text)
    Teclado_GPIO_Init                        0x000007ed   Thumb Code     0  teclado.o(.text)
    EsperaConfiguracao                       0x000008ab   Thumb Code     0  teclado.o(.text)
    snprintf                                 0x00000929   Thumb Code    58  snprintf.o(.text)
    strcpy                                   0x00000969   Thumb Code    72  strcpy.o(.text)
    strcat                                   0x000009b1   Thumb Code    24  strcat.o(.text)
    __use_two_region_memory                  0x000009c9   Thumb Code     2  heapauxi.o(.text)
    __rt_heap_escrow$2region                 0x000009cb   Thumb Code     2  heapauxi.o(.text)
    __rt_heap_expand$2region                 0x000009cd   Thumb Code     2  heapauxi.o(.text)
    _printf_pre_padding                      0x000009cf   Thumb Code    44  _printf_pad.o(.text)
    _printf_post_padding                     0x000009fb   Thumb Code    34  _printf_pad.o(.text)
    _printf_truncate_signed                  0x00000a1d   Thumb Code    18  _printf_truncate.o(.text)
    _printf_truncate_unsigned                0x00000a2f   Thumb Code    18  _printf_truncate.o(.text)
    _printf_str                              0x00000a41   Thumb Code    82  _printf_str.o(.text)
    _printf_int_dec                          0x00000a95   Thumb Code   104  _printf_dec.o(.text)
    _printf_charcount                        0x00000b0d   Thumb Code    40  _printf_charcount.o(.text)
    _printf_char_common                      0x00000b3f   Thumb Code    32  _printf_char_common.o(.text)
    _snputc                                  0x00000b65   Thumb Code    16  _snputc.o(.text)
    _printf_wctomb                           0x00000b75   Thumb Code   182  _printf_wctomb.o(.text)
    _printf_longlong_dec                     0x00000c31   Thumb Code   108  _printf_longlong_dec.o(.text)
    _printf_longlong_oct                     0x00000cad   Thumb Code    68  _printf_oct_int_ll.o(.text)
    _printf_int_oct                          0x00000cf1   Thumb Code    24  _printf_oct_int_ll.o(.text)
    _printf_ll_oct                           0x00000d09   Thumb Code    12  _printf_oct_int_ll.o(.text)
    _printf_longlong_hex                     0x00000d1d   Thumb Code    86  _printf_hex_int_ll_ptr.o(.text)
    _printf_int_hex                          0x00000d73   Thumb Code    28  _printf_hex_int_ll_ptr.o(.text)
    _printf_ll_hex                           0x00000d8f   Thumb Code    12  _printf_hex_int_ll_ptr.o(.text)
    _printf_hex_ptr                          0x00000d9b   Thumb Code    18  _printf_hex_int_ll_ptr.o(.text)
    __printf                                 0x00000db1   Thumb Code   388  __printf_flags_ss_wp.o(.text)
    _ll_udiv10                               0x00000f39   Thumb Code   138  lludiv10.o(.text)
    _printf_int_common                       0x00000fc3   Thumb Code   178  _printf_intcommon.o(.text)
    _printf_fp_dec_real                      0x00001225   Thumb Code   620  _printf_fp_dec.o(.text)
    _printf_fp_hex_real                      0x00001491   Thumb Code   756  _printf_fp_hex.o(.text)
    _printf_cs_common                        0x0000178d   Thumb Code    20  _printf_char.o(.text)
    _printf_char                             0x000017a1   Thumb Code    16  _printf_char.o(.text)
    _printf_string                           0x000017b1   Thumb Code     8  _printf_char.o(.text)
    _printf_lcs_common                       0x000017b9   Thumb Code    20  _printf_wchar.o(.text)
    _printf_wchar                            0x000017cd   Thumb Code    16  _printf_wchar.o(.text)
    _printf_wstring                          0x000017dd   Thumb Code     8  _printf_wchar.o(.text)
    _c16rtomb                                0x000017e5   Thumb Code    72  _c16rtomb.o(.text)
    _wcrtomb                                 0x000017e5   Thumb Code     0  _c16rtomb.o(.text)
    __user_setup_stackheap                   0x0000182d   Thumb Code    74  sys_stackheap_outer.o(.text)
    __rt_ctype_table                         0x00001879   Thumb Code    16  rt_ctype_table.o(.text)
    __rt_locale                              0x00001889   Thumb Code     8  rt_locale_intlibspace.o(.text)
    _printf_fp_infnan                        0x00001891   Thumb Code   112  _printf_fp_infnan.o(.text)
    _btod_etento                             0x00001911   Thumb Code   224  bigflt0.o(.text)
    exit                                     0x000019f5   Thumb Code    18  exit.o(.text)
    __user_libspace                          0x00001a09   Thumb Code     8  libspace.o(.text)
    __user_perproc_libspace                  0x00001a09   Thumb Code     0  libspace.o(.text)
    __user_perthread_libspace                0x00001a09   Thumb Code     0  libspace.o(.text)
    strcmp                                   0x00001a11   Thumb Code   124  strcmpv7em.o(.text)
    _sys_exit                                0x00001a8d   Thumb Code     8  sys_exit.o(.text)
    __I$use$semihosting                      0x00001a99   Thumb Code     0  use_no_semi.o(.text)
    __use_no_semihosting_swi                 0x00001a99   Thumb Code     2  use_no_semi.o(.text)
    __semihosting_library_function           0x00001a9b   Thumb Code     0  indicate_semi.o(.text)
    ADC0_InSeq0                              0x00001a9d   Thumb Code    70  adc.o(.text.ADC0_InSeq0)
    ADC_Init                                 0x00001ae5   Thumb Code   254  adc.o(.text.ADC_Init)
    ChangeRotation_Handler                   0x00001be5   Thumb Code   222  main.o(.text.ChangeRotation_Handler)
    GPIOPortJ_Handler                        0x00001cc5   Thumb Code    14  main.o(.text.GPIOPortJ_Handler)
    GPIO_Init                                0x00001cd5   Thumb Code   426  gpio.o(.text.GPIO_Init)
    PortE_Output                             0x00001e81   Thumb Code    36  motordc.o(.text.PortE_Output)
    PortF_Output                             0x00001ea5   Thumb Code    36  gpio.o(.text.PortF_Output)
    Timer2A_Handler                          0x00001ec9   Thumb Code   186  main.o(.text.Timer2A_Handler)
    dcMotor_init                             0x00001f85   Thumb Code   118  motordc.o(.text.dcMotor_init)
    dcMotor_rotateMotor                      0x00001ffd   Thumb Code    56  motordc.o(.text.dcMotor_rotateMotor)
    main                                     0x00002035   Thumb Code   904  main.o(.text.main)
    timerInit                                0x000023bd   Thumb Code   154  gpio.o(.text.timerInit)
    _btod_d2e                                0x00002457   Thumb Code    62  btod.o(CL$$btod_d2e)
    _d2e_denorm_low                          0x00002495   Thumb Code    70  btod.o(CL$$btod_d2e_denorm_low)
    _d2e_norm_op1                            0x000024db   Thumb Code    96  btod.o(CL$$btod_d2e_norm_op1)
    __btod_div_common                        0x0000253d   Thumb Code   696  btod.o(CL$$btod_div_common)
    _e2e                                     0x00002875   Thumb Code   220  btod.o(CL$$btod_e2e)
    _btod_ediv                               0x00002951   Thumb Code    42  btod.o(CL$$btod_ediv)
    _btod_emul                               0x0000297b   Thumb Code    42  btod.o(CL$$btod_emul)
    __btod_mult_common                       0x000029a5   Thumb Code   580  btod.o(CL$$btod_mult_common)
    __ARM_fpclassify                         0x00002be9   Thumb Code    48  fpclassify.o(i.__ARM_fpclassify)
    _is_digit                                0x00002c19   Thumb Code    14  __printf_wp.o(i._is_digit)
    _get_lc_numeric                          0x00002c29   Thumb Code    44  lc_numeric_c.o(locale$$code)
    _get_lc_ctype                            0x00002c55   Thumb Code    44  lc_ctype_c.o(locale$$code)
    _fp_init                                 0x00002c81   Thumb Code    26  fpinit.o(x$fpl$fpinit)
    __fplib_config_fpu_vfp                   0x00002c99   Thumb Code     0  fpinit.o(x$fpl$fpinit)
    __fplib_config_pureend_doubles           0x00002c99   Thumb Code     0  fpinit.o(x$fpl$fpinit)
    _printf_fp_dec                           0x00002c9b   Thumb Code     4  printf1.o(x$fpl$printf1)
    _printf_fp_hex                           0x00002c9f   Thumb Code     4  printf2.o(x$fpl$printf2)
    __I$use$fp                               0x00002ca2   Number         0  usenofp.o(x$fpl$usenofp)
    Region$$Table$$Base                      0x00002df0   Number         0  anon$$obj.o(Region$$Table)
    Region$$Table$$Limit                     0x00002e10   Number         0  anon$$obj.o(Region$$Table)
    __ctype                                  0x00002e39   Data           0  lc_ctype_c.o(locale$$data)
    escrever_mensagem                        0x20000000   Data           4  main.o(.data.escrever_mensagem)
    estado_atual                             0x20000004   Data           1  main.o(.data.estado_atual)
    strVelocidade                            0x20000005   Data          11  main.o(.data.strVelocidade)
    __libspace_start                         0x20000010   Data          96  libspace.o(.bss)
    __temporary_stack_top$libspace           0x20000070   Data           0  libspace.o(.bss)
    alto                                     0x20000070   Data           4  main.o(.bss.alto)
    configuracao                             0x20000074   Data           4  main.o(.bss.configuracao)
    conv                                     0x20000078   Data           4  main.o(.bss.conv)
    percentual                               0x2000007c   Data           4  main.o(.bss.percentual)
    sentido_atual                            0x20000080   Data           1  main.o(.bss.sentido_atual)
    strEscreveVelocidade                     0x20000081   Data         100  main.o(.bss.strEscreveVelocidade)
    strPercentual                            0x200000e5   Data           5  main.o(.bss.strPercentual)
    valor_atual                              0x200000ec   Data           4  main.o(.bss.valor_atual)



==============================================================================

Memory Map of the image

  Image Entry point : 0x00000209

  Load Region LR_1 (Base: 0x00000000, Size: 0x00002f4c, Max: 0xffffffff, ABSOLUTE)

    Execution Region ER_RO (Exec base: 0x00000000, Load base: 0x00000000, Size: 0x00002f3c, Max: 0xffffffff, ABSOLUTE)

    Exec Addr    Load Addr    Size         Type   Attr      Idx    E Section Name        Object

    0x00000000   0x00000000   0x00000230   Code   RO            3  * RESET               startup.o
    0x00000230   0x00000230   0x00000008   Code   RO          100  * !!!main             c_w.l(__main.o)
    0x00000238   0x00000238   0x00000034   Code   RO          437    !!!scatter          c_w.l(__scatter.o)
    0x0000026c   0x0000026c   0x0000001a   Code   RO          439    !!handler_copy      c_w.l(__scatter_copy.o)
    0x00000286   0x00000286   0x00000002   PAD
    0x00000288   0x00000288   0x0000001c   Code   RO          441    !!handler_zi        c_w.l(__scatter_zi.o)
    0x000002a4   0x000002a4   0x00000000   Code   RO          184    .ARM.Collect$$_printf_percent$$00000000  c_w.l(_printf_percent.o)
    0x000002a4   0x000002a4   0x00000006   Code   RO          173    .ARM.Collect$$_printf_percent$$00000001  c_w.l(_printf_n.o)
    0x000002aa   0x000002aa   0x00000006   Code   RO          175    .ARM.Collect$$_printf_percent$$00000002  c_w.l(_printf_p.o)
    0x000002b0   0x000002b0   0x00000006   Code   RO          180    .ARM.Collect$$_printf_percent$$00000003  c_w.l(_printf_f.o)
    0x000002b6   0x000002b6   0x00000006   Code   RO          181    .ARM.Collect$$_printf_percent$$00000004  c_w.l(_printf_e.o)
    0x000002bc   0x000002bc   0x00000006   Code   RO          182    .ARM.Collect$$_printf_percent$$00000005  c_w.l(_printf_g.o)
    0x000002c2   0x000002c2   0x00000006   Code   RO          183    .ARM.Collect$$_printf_percent$$00000006  c_w.l(_printf_a.o)
    0x000002c8   0x000002c8   0x0000000a   Code   RO          188    .ARM.Collect$$_printf_percent$$00000007  c_w.l(_printf_ll.o)
    0x000002d2   0x000002d2   0x00000006   Code   RO          177    .ARM.Collect$$_printf_percent$$00000008  c_w.l(_printf_i.o)
    0x000002d8   0x000002d8   0x00000006   Code   RO          178    .ARM.Collect$$_printf_percent$$00000009  c_w.l(_printf_d.o)
    0x000002de   0x000002de   0x00000006   Code   RO          179    .ARM.Collect$$_printf_percent$$0000000A  c_w.l(_printf_u.o)
    0x000002e4   0x000002e4   0x00000006   Code   RO          176    .ARM.Collect$$_printf_percent$$0000000B  c_w.l(_printf_o.o)
    0x000002ea   0x000002ea   0x00000006   Code   RO          174    .ARM.Collect$$_printf_percent$$0000000C  c_w.l(_printf_x.o)
    0x000002f0   0x000002f0   0x00000006   Code   RO          185    .ARM.Collect$$_printf_percent$$0000000D  c_w.l(_printf_lli.o)
    0x000002f6   0x000002f6   0x00000006   Code   RO          186    .ARM.Collect$$_printf_percent$$0000000E  c_w.l(_printf_lld.o)
    0x000002fc   0x000002fc   0x00000006   Code   RO          187    .ARM.Collect$$_printf_percent$$0000000F  c_w.l(_printf_llu.o)
    0x00000302   0x00000302   0x00000006   Code   RO          192    .ARM.Collect$$_printf_percent$$00000010  c_w.l(_printf_llo.o)
    0x00000308   0x00000308   0x00000006   Code   RO          193    .ARM.Collect$$_printf_percent$$00000011  c_w.l(_printf_llx.o)
    0x0000030e   0x0000030e   0x0000000a   Code   RO          189    .ARM.Collect$$_printf_percent$$00000012  c_w.l(_printf_l.o)
    0x00000318   0x00000318   0x00000006   Code   RO          171    .ARM.Collect$$_printf_percent$$00000013  c_w.l(_printf_c.o)
    0x0000031e   0x0000031e   0x00000006   Code   RO          172    .ARM.Collect$$_printf_percent$$00000014  c_w.l(_printf_s.o)
    0x00000324   0x00000324   0x00000006   Code   RO          190    .ARM.Collect$$_printf_percent$$00000015  c_w.l(_printf_lc.o)
    0x0000032a   0x0000032a   0x00000006   Code   RO          191    .ARM.Collect$$_printf_percent$$00000016  c_w.l(_printf_ls.o)
    0x00000330   0x00000330   0x00000004   Code   RO          234    .ARM.Collect$$_printf_percent$$00000017  c_w.l(_printf_percent_end.o)
    0x00000334   0x00000334   0x00000002   Code   RO          285    .ARM.Collect$$libinit$$00000000  c_w.l(libinit.o)
    0x00000336   0x00000336   0x00000004   Code   RO          303    .ARM.Collect$$libinit$$00000001  c_w.l(libinit2.o)
    0x0000033a   0x0000033a   0x00000000   Code   RO          306    .ARM.Collect$$libinit$$00000004  c_w.l(libinit2.o)
    0x0000033a   0x0000033a   0x00000000   Code   RO          308    .ARM.Collect$$libinit$$00000006  c_w.l(libinit2.o)
    0x0000033a   0x0000033a   0x00000000   Code   RO          311    .ARM.Collect$$libinit$$0000000C  c_w.l(libinit2.o)
    0x0000033a   0x0000033a   0x00000000   Code   RO          313    .ARM.Collect$$libinit$$0000000E  c_w.l(libinit2.o)
    0x0000033a   0x0000033a   0x00000000   Code   RO          315    .ARM.Collect$$libinit$$00000010  c_w.l(libinit2.o)
    0x0000033a   0x0000033a   0x00000006   Code   RO          316    .ARM.Collect$$libinit$$00000011  c_w.l(libinit2.o)
    0x00000340   0x00000340   0x00000000   Code   RO          318    .ARM.Collect$$libinit$$00000013  c_w.l(libinit2.o)
    0x00000340   0x00000340   0x0000000c   Code   RO          319    .ARM.Collect$$libinit$$00000014  c_w.l(libinit2.o)
    0x0000034c   0x0000034c   0x00000000   Code   RO          320    .ARM.Collect$$libinit$$00000015  c_w.l(libinit2.o)
    0x0000034c   0x0000034c   0x00000000   Code   RO          322    .ARM.Collect$$libinit$$00000017  c_w.l(libinit2.o)
    0x0000034c   0x0000034c   0x0000000a   Code   RO          323    .ARM.Collect$$libinit$$00000018  c_w.l(libinit2.o)
    0x00000356   0x00000356   0x00000000   Code   RO          324    .ARM.Collect$$libinit$$00000019  c_w.l(libinit2.o)
    0x00000356   0x00000356   0x00000000   Code   RO          326    .ARM.Collect$$libinit$$0000001B  c_w.l(libinit2.o)
    0x00000356   0x00000356   0x00000000   Code   RO          328    .ARM.Collect$$libinit$$0000001D  c_w.l(libinit2.o)
    0x00000356   0x00000356   0x00000000   Code   RO          330    .ARM.Collect$$libinit$$0000001F  c_w.l(libinit2.o)
    0x00000356   0x00000356   0x00000000   Code   RO          332    .ARM.Collect$$libinit$$00000021  c_w.l(libinit2.o)
    0x00000356   0x00000356   0x00000000   Code   RO          334    .ARM.Collect$$libinit$$00000023  c_w.l(libinit2.o)
    0x00000356   0x00000356   0x00000000   Code   RO          336    .ARM.Collect$$libinit$$00000025  c_w.l(libinit2.o)
    0x00000356   0x00000356   0x00000000   Code   RO          338    .ARM.Collect$$libinit$$00000027  c_w.l(libinit2.o)
    0x00000356   0x00000356   0x00000000   Code   RO          342    .ARM.Collect$$libinit$$0000002E  c_w.l(libinit2.o)
    0x00000356   0x00000356   0x00000000   Code   RO          344    .ARM.Collect$$libinit$$00000030  c_w.l(libinit2.o)
    0x00000356   0x00000356   0x00000000   Code   RO          346    .ARM.Collect$$libinit$$00000032  c_w.l(libinit2.o)
    0x00000356   0x00000356   0x00000000   Code   RO          348    .ARM.Collect$$libinit$$00000034  c_w.l(libinit2.o)
    0x00000356   0x00000356   0x00000002   Code   RO          349    .ARM.Collect$$libinit$$00000035  c_w.l(libinit2.o)
    0x00000358   0x00000358   0x00000002   Code   RO          373    .ARM.Collect$$libshutdown$$00000000  c_w.l(libshutdown.o)
    0x0000035a   0x0000035a   0x00000000   Code   RO          388    .ARM.Collect$$libshutdown$$00000002  c_w.l(libshutdown2.o)
    0x0000035a   0x0000035a   0x00000000   Code   RO          390    .ARM.Collect$$libshutdown$$00000004  c_w.l(libshutdown2.o)
    0x0000035a   0x0000035a   0x00000000   Code   RO          393    .ARM.Collect$$libshutdown$$00000007  c_w.l(libshutdown2.o)
    0x0000035a   0x0000035a   0x00000000   Code   RO          396    .ARM.Collect$$libshutdown$$0000000A  c_w.l(libshutdown2.o)
    0x0000035a   0x0000035a   0x00000000   Code   RO          398    .ARM.Collect$$libshutdown$$0000000C  c_w.l(libshutdown2.o)
    0x0000035a   0x0000035a   0x00000000   Code   RO          401    .ARM.Collect$$libshutdown$$0000000F  c_w.l(libshutdown2.o)
    0x0000035a   0x0000035a   0x00000002   Code   RO          402    .ARM.Collect$$libshutdown$$00000010  c_w.l(libshutdown2.o)
    0x0000035c   0x0000035c   0x00000000   Code   RO          102    .ARM.Collect$$rtentry$$00000000  c_w.l(__rtentry.o)
    0x0000035c   0x0000035c   0x00000000   Code   RO          203    .ARM.Collect$$rtentry$$00000002  c_w.l(__rtentry2.o)
    0x0000035c   0x0000035c   0x00000006   Code   RO          215    .ARM.Collect$$rtentry$$00000004  c_w.l(__rtentry4.o)
    0x00000362   0x00000362   0x00000000   Code   RO          205    .ARM.Collect$$rtentry$$00000009  c_w.l(__rtentry2.o)
    0x00000362   0x00000362   0x00000004   Code   RO          206    .ARM.Collect$$rtentry$$0000000A  c_w.l(__rtentry2.o)
    0x00000366   0x00000366   0x00000000   Code   RO          208    .ARM.Collect$$rtentry$$0000000C  c_w.l(__rtentry2.o)
    0x00000366   0x00000366   0x00000008   Code   RO          209    .ARM.Collect$$rtentry$$0000000D  c_w.l(__rtentry2.o)
    0x0000036e   0x0000036e   0x00000002   Code   RO          294    .ARM.Collect$$rtexit$$00000000  c_w.l(rtexit.o)
    0x00000370   0x00000370   0x00000000   Code   RO          351    .ARM.Collect$$rtexit$$00000002  c_w.l(rtexit2.o)
    0x00000370   0x00000370   0x00000004   Code   RO          352    .ARM.Collect$$rtexit$$00000003  c_w.l(rtexit2.o)
    0x00000374   0x00000374   0x00000006   Code   RO          353    .ARM.Collect$$rtexit$$00000004  c_w.l(rtexit2.o)
    0x0000037a   0x0000037a   0x00000002   PAD
    0x0000037c   0x0000037c   0x00000030   Code   RO            4    .text               startup.o
    0x000003ac   0x000003ac   0x000001e4   Code   RO           12    .text               utils.o
    0x00000590   0x00000590   0x0000025c   Code   RO           32    .text               lcd.o
    0x000007ec   0x000007ec   0x0000013c   Code   RO           35    .text               teclado.o
    0x00000928   0x00000928   0x00000040   Code   RO           92    .text               c_w.l(snprintf.o)
    0x00000968   0x00000968   0x00000048   Code   RO           94    .text               c_w.l(strcpy.o)
    0x000009b0   0x000009b0   0x00000018   Code   RO           96    .text               c_w.l(strcat.o)
    0x000009c8   0x000009c8   0x00000006   Code   RO           98    .text               c_w.l(heapauxi.o)
    0x000009ce   0x000009ce   0x0000004e   Code   RO          105    .text               c_w.l(_printf_pad.o)
    0x00000a1c   0x00000a1c   0x00000024   Code   RO          107    .text               c_w.l(_printf_truncate.o)
    0x00000a40   0x00000a40   0x00000052   Code   RO          109    .text               c_w.l(_printf_str.o)
    0x00000a92   0x00000a92   0x00000002   PAD
    0x00000a94   0x00000a94   0x00000078   Code   RO          111    .text               c_w.l(_printf_dec.o)
    0x00000b0c   0x00000b0c   0x00000028   Code   RO          113    .text               c_w.l(_printf_charcount.o)
    0x00000b34   0x00000b34   0x00000030   Code   RO          115    .text               c_w.l(_printf_char_common.o)
    0x00000b64   0x00000b64   0x00000010   Code   RO          117    .text               c_w.l(_snputc.o)
    0x00000b74   0x00000b74   0x000000bc   Code   RO          119    .text               c_w.l(_printf_wctomb.o)
    0x00000c30   0x00000c30   0x0000007c   Code   RO          122    .text               c_w.l(_printf_longlong_dec.o)
    0x00000cac   0x00000cac   0x00000070   Code   RO          128    .text               c_w.l(_printf_oct_int_ll.o)
    0x00000d1c   0x00000d1c   0x00000094   Code   RO          148    .text               c_w.l(_printf_hex_int_ll_ptr.o)
    0x00000db0   0x00000db0   0x00000188   Code   RO          168    .text               c_w.l(__printf_flags_ss_wp.o)
    0x00000f38   0x00000f38   0x0000008a   Code   RO          217    .text               c_w.l(lludiv10.o)
    0x00000fc2   0x00000fc2   0x000000b2   Code   RO          219    .text               c_w.l(_printf_intcommon.o)
    0x00001074   0x00001074   0x0000041c   Code   RO          221    .text               c_w.l(_printf_fp_dec.o)
    0x00001490   0x00001490   0x000002fc   Code   RO          225    .text               c_w.l(_printf_fp_hex.o)
    0x0000178c   0x0000178c   0x0000002c   Code   RO          230    .text               c_w.l(_printf_char.o)
    0x000017b8   0x000017b8   0x0000002c   Code   RO          232    .text               c_w.l(_printf_wchar.o)
    0x000017e4   0x000017e4   0x00000048   Code   RO          235    .text               c_w.l(_c16rtomb.o)
    0x0000182c   0x0000182c   0x0000004a   Code   RO          237    .text               c_w.l(sys_stackheap_outer.o)
    0x00001876   0x00001876   0x00000002   PAD
    0x00001878   0x00001878   0x00000010   Code   RO          239    .text               c_w.l(rt_ctype_table.o)
    0x00001888   0x00001888   0x00000008   Code   RO          244    .text               c_w.l(rt_locale_intlibspace.o)
    0x00001890   0x00001890   0x00000080   Code   RO          246    .text               c_w.l(_printf_fp_infnan.o)
    0x00001910   0x00001910   0x000000e4   Code   RO          248    .text               c_w.l(bigflt0.o)
    0x000019f4   0x000019f4   0x00000012   Code   RO          278    .text               c_w.l(exit.o)
    0x00001a06   0x00001a06   0x00000002   PAD
    0x00001a08   0x00001a08   0x00000008   Code   RO          291    .text               c_w.l(libspace.o)
    0x00001a10   0x00001a10   0x0000007c   Code   RO          301    .text               c_w.l(strcmpv7em.o)
    0x00001a8c   0x00001a8c   0x0000000c   Code   RO          363    .text               c_w.l(sys_exit.o)
    0x00001a98   0x00001a98   0x00000002   Code   RO          378    .text               c_w.l(use_no_semi.o)
    0x00001a9a   0x00001a9a   0x00000000   Code   RO          380    .text               c_w.l(indicate_semi.o)
    0x00001a9a   0x00001a9a   0x00000002   PAD
    0x00001a9c   0x00001a9c   0x00000046   Code   RO           41    .text.ADC0_InSeq0   adc.o
    0x00001ae2   0x00001ae2   0x00000002   PAD
    0x00001ae4   0x00001ae4   0x000000fe   Code   RO           39    .text.ADC_Init      adc.o
    0x00001be2   0x00001be2   0x00000002   PAD
    0x00001be4   0x00001be4   0x000000de   Code   RO           67    .text.ChangeRotation_Handler  main.o
    0x00001cc2   0x00001cc2   0x00000002   PAD
    0x00001cc4   0x00001cc4   0x0000000e   Code   RO           65    .text.GPIOPortJ_Handler  main.o
    0x00001cd2   0x00001cd2   0x00000002   PAD
    0x00001cd4   0x00001cd4   0x000001aa   Code   RO           16    .text.GPIO_Init     gpio.o
    0x00001e7e   0x00001e7e   0x00000002   PAD
    0x00001e80   0x00001e80   0x00000024   Code   RO           52    .text.PortE_Output  motordc.o
    0x00001ea4   0x00001ea4   0x00000024   Code   RO           24    .text.PortF_Output  gpio.o
    0x00001ec8   0x00001ec8   0x000000ba   Code   RO           69    .text.Timer2A_Handler  main.o
    0x00001f82   0x00001f82   0x00000002   PAD
    0x00001f84   0x00001f84   0x00000076   Code   RO           50    .text.dcMotor_init  motordc.o
    0x00001ffa   0x00001ffa   0x00000002   PAD
    0x00001ffc   0x00001ffc   0x00000038   Code   RO           54    .text.dcMotor_rotateMotor  motordc.o
    0x00002034   0x00002034   0x00000388   Code   RO           63    .text.main          main.o
    0x000023bc   0x000023bc   0x0000009a   Code   RO           18    .text.timerInit     gpio.o
    0x00002456   0x00002456   0x0000003e   Code   RO          251    CL$$btod_d2e        c_w.l(btod.o)
    0x00002494   0x00002494   0x00000046   Code   RO          253    CL$$btod_d2e_denorm_low  c_w.l(btod.o)
    0x000024da   0x000024da   0x00000060   Code   RO          252    CL$$btod_d2e_norm_op1  c_w.l(btod.o)
    0x0000253a   0x0000253a   0x00000002   PAD
    0x0000253c   0x0000253c   0x00000338   Code   RO          261    CL$$btod_div_common  c_w.l(btod.o)
    0x00002874   0x00002874   0x000000dc   Code   RO          258    CL$$btod_e2e        c_w.l(btod.o)
    0x00002950   0x00002950   0x0000002a   Code   RO          255    CL$$btod_ediv       c_w.l(btod.o)
    0x0000297a   0x0000297a   0x0000002a   Code   RO          254    CL$$btod_emul       c_w.l(btod.o)
    0x000029a4   0x000029a4   0x00000244   Code   RO          260    CL$$btod_mult_common  c_w.l(btod.o)
    0x00002be8   0x00002be8   0x00000030   Code   RO          289    i.__ARM_fpclassify  m_wm.l(fpclassify.o)
    0x00002c18   0x00002c18   0x0000000e   Code   RO          161    i._is_digit         c_w.l(__printf_wp.o)
    0x00002c26   0x00002c26   0x00000002   PAD
    0x00002c28   0x00002c28   0x0000002c   Code   RO          276    locale$$code        c_w.l(lc_numeric_c.o)
    0x00002c54   0x00002c54   0x0000002c   Code   RO          299    locale$$code        c_w.l(lc_ctype_c.o)
    0x00002c80   0x00002c80   0x0000001a   Code   RO          361    x$fpl$fpinit        fz_wm.l(fpinit.o)
    0x00002c9a   0x00002c9a   0x00000004   Code   RO          194    x$fpl$printf1       fz_wm.l(printf1.o)
    0x00002c9e   0x00002c9e   0x00000004   Code   RO          196    x$fpl$printf2       fz_wm.l(printf2.o)
    0x00002ca2   0x00002ca2   0x00000000   Code   RO          288    x$fpl$usenofp       fz_wm.l(usenofp.o)
    0x00002ca2   0x00002ca2   0x00000002   PAD
    0x00002ca4   0x00002ca4   0x00000008   Data   RO          120    .constdata          c_w.l(_printf_wctomb.o)
    0x00002cac   0x00002cac   0x00000028   Data   RO          149    .constdata          c_w.l(_printf_hex_int_ll_ptr.o)
    0x00002cd4   0x00002cd4   0x00000011   Data   RO          169    .constdata          c_w.l(__printf_flags_ss_wp.o)
    0x00002ce5   0x00002ce5   0x00000026   Data   RO          226    .constdata          c_w.l(_printf_fp_hex.o)
    0x00002d0b   0x00002d0b   0x00000001   PAD
    0x00002d0c   0x00002d0c   0x00000094   Data   RO          249    .constdata          c_w.l(bigflt0.o)
    0x00002da0   0x00002da0   0x0000004e   Data   RO           80    .rodata.str1.1      main.o
    0x00002dee   0x00002dee   0x00000002   PAD
    0x00002df0   0x00002df0   0x00000020   Data   RO          436    Region$$Table       anon$$obj.o
    0x00002e10   0x00002e10   0x0000001c   Data   RO          275    locale$$data        c_w.l(lc_numeric_c.o)
    0x00002e2c   0x00002e2c   0x00000110   Data   RO          298    locale$$data        c_w.l(lc_ctype_c.o)


    Execution Region ER_RW (Exec base: 0x20000000, Load base: 0x00002f3c, Size: 0x00000010, Max: 0xffffffff, ABSOLUTE)

    Exec Addr    Load Addr    Size         Type   Attr      Idx    E Section Name        Object

    0x20000000   0x00002f3c   0x00000004   Data   RW           78    .data.escrever_mensagem  main.o
    0x20000004   0x00002f40   0x00000001   Data   RW           76    .data.estado_atual  main.o
    0x20000005   0x00002f41   0x0000000b   Data   RW           77    .data.strVelocidade  main.o


    Execution Region ER_ZI (Exec base: 0x20000010, Load base: 0x00002f4c, Size: 0x000004e0, Max: 0xffffffff, ABSOLUTE)

    Exec Addr    Load Addr    Size         Type   Attr      Idx    E Section Name        Object

    0x20000010        -       0x00000060   Zero   RW          292    .bss                c_w.l(libspace.o)
    0x20000070        -       0x00000004   Zero   RW           79    .bss.alto           main.o
    0x20000074        -       0x00000004   Zero   RW           71    .bss.configuracao   main.o
    0x20000078        -       0x00000004   Zero   RW           72    .bss.conv           main.o
    0x2000007c        -       0x00000004   Zero   RW           74    .bss.percentual     main.o
    0x20000080        -       0x00000001   Zero   RW           75    .bss.sentido_atual  main.o
    0x20000081        -       0x00000064   Zero   RW           81    .bss.strEscreveVelocidade  main.o
    0x200000e5        -       0x00000005   Zero   RW           82    .bss.strPercentual  main.o
    0x200000ea   0x00002f4c   0x00000002   PAD
    0x200000ec        -       0x00000004   Zero   RW           73    .bss.valor_atual    main.o
    0x200000f0        -       0x00000000   Zero   RW            2    HEAP                startup.o
    0x200000f0        -       0x00000400   Zero   RW            1    STACK               startup.o


==============================================================================

Image component sizes


      Code (inc. data)   RO Data    RW Data    ZI Data      Debug   Object Name

       324          0          0          0          0        779   adc.o
       616          0          0          0          0       1197   gpio.o
       604         60          0          0          0        416   lcd.o
      1326          0         78         16        126       2275   main.o
       210          0          0          0          0       1136   motordc.o
       608        532          0          0       1024       1064   startup.o
       316         60          0          0          0        328   teclado.o
       484         92          0          0          0        396   utils.o

    ----------------------------------------------------------------------
      4502        744        112         16       1152       7591   Object Totals
         0          0         32          0          0          0   (incl. Generated)
        14          0          2          0          2          0   (incl. Padding)

    ----------------------------------------------------------------------

      Code (inc. data)   RO Data    RW Data    ZI Data      Debug   Library Member Name

         8          0          0          0          0         68   __main.o
       392          4         17          0          0         92   __printf_flags_ss_wp.o
        14          0          0          0          0         68   __printf_wp.o
         0          0          0          0          0          0   __rtentry.o
        12          0          0          0          0          0   __rtentry2.o
         6          0          0          0          0          0   __rtentry4.o
        52          8          0          0          0          0   __scatter.o
        26          0          0          0          0          0   __scatter_copy.o
        28          0          0          0          0          0   __scatter_zi.o
        72          0          0          0          0         96   _c16rtomb.o
         6          0          0          0          0          0   _printf_a.o
         6          0          0          0          0          0   _printf_c.o
        44          0          0          0          0        108   _printf_char.o
        48          6          0          0          0         96   _printf_char_common.o
        40          0          0          0          0         68   _printf_charcount.o
         6          0          0          0          0          0   _printf_d.o
       120         16          0          0          0         92   _printf_dec.o
         6          0          0          0          0          0   _printf_e.o
         6          0          0          0          0          0   _printf_f.o
      1052          0          0          0          0        148   _printf_fp_dec.o
       764          8         38          0          0        100   _printf_fp_hex.o
       128         16          0          0          0         84   _printf_fp_infnan.o
         6          0          0          0          0          0   _printf_g.o
       148          4         40          0          0        160   _printf_hex_int_ll_ptr.o
         6          0          0          0          0          0   _printf_i.o
       178          0          0          0          0         88   _printf_intcommon.o
        10          0          0          0          0          0   _printf_l.o
         6          0          0          0          0          0   _printf_lc.o
        10          0          0          0          0          0   _printf_ll.o
         6          0          0          0          0          0   _printf_lld.o
         6          0          0          0          0          0   _printf_lli.o
         6          0          0          0          0          0   _printf_llo.o
         6          0          0          0          0          0   _printf_llu.o
         6          0          0          0          0          0   _printf_llx.o
       124         16          0          0          0         92   _printf_longlong_dec.o
         6          0          0          0          0          0   _printf_ls.o
         6          0          0          0          0          0   _printf_n.o
         6          0          0          0          0          0   _printf_o.o
       112          8          0          0          0        124   _printf_oct_int_ll.o
         6          0          0          0          0          0   _printf_p.o
        78          0          0          0          0        108   _printf_pad.o
         0          0          0          0          0          0   _printf_percent.o
         4          0          0          0          0          0   _printf_percent_end.o
         6          0          0          0          0          0   _printf_s.o
        82          0          0          0          0         80   _printf_str.o
        36          0          0          0          0         84   _printf_truncate.o
         6          0          0          0          0          0   _printf_u.o
        44          0          0          0          0        108   _printf_wchar.o
       188          6          8          0          0         92   _printf_wctomb.o
         6          0          0          0          0          0   _printf_x.o
        16          0          0          0          0         68   _snputc.o
       228          4        148          0          0         96   bigflt0.o
      1936        128          0          0          0        668   btod.o
        18          0          0          0          0         80   exit.o
         6          0          0          0          0        152   heapauxi.o
         0          0          0          0          0          0   indicate_semi.o
        44         10        272          0          0         76   lc_ctype_c.o
        44         10         28          0          0         76   lc_numeric_c.o
         2          0          0          0          0          0   libinit.o
        34          0          0          0          0          0   libinit2.o
         2          0          0          0          0          0   libshutdown.o
         2          0          0          0          0          0   libshutdown2.o
         8          4          0          0         96         68   libspace.o
       138          0          0          0          0         80   lludiv10.o
        16          4          0          0          0         76   rt_ctype_table.o
         8          4          0          0          0         68   rt_locale_intlibspace.o
         2          0          0          0          0          0   rtexit.o
        10          0          0          0          0          0   rtexit2.o
        64          6          0          0          0         84   snprintf.o
        24          0          0          0          0         68   strcat.o
       124          0          0          0          0         88   strcmpv7em.o
        72          0          0          0          0         80   strcpy.o
        12          4          0          0          0         68   sys_exit.o
        74          0          0          0          0         80   sys_stackheap_outer.o
         2          0          0          0          0         68   use_no_semi.o
        26          0          0          0          0        116   fpinit.o
         4          0          0          0          0        116   printf1.o
         4          0          0          0          0        116   printf2.o
         0          0          0          0          0          0   usenofp.o
        48          0          0          0          0        124   fpclassify.o

    ----------------------------------------------------------------------
      6926        266        552          0         96       4472   Library Totals
        18          0          1          0          0          0   (incl. Padding)

    ----------------------------------------------------------------------

      Code (inc. data)   RO Data    RW Data    ZI Data      Debug   Library Name

      6826        266        551          0         96       4000   c_w.l
        34          0          0          0          0        348   fz_wm.l
        48          0          0          0          0        124   m_wm.l

    ----------------------------------------------------------------------
      6926        266        552          0         96       4472   Library Totals

    ----------------------------------------------------------------------

==============================================================================


      Code (inc. data)   RO Data    RW Data    ZI Data      Debug   

     11428       1010        664         16       1248       9671   Grand Totals
     11428       1010        664         16       1248       9671   ELF Image Totals
     11428       1010        664         16          0          0   ROM Totals

==============================================================================

    Total RO  Size (Code + RO Data)                12092 (  11.81kB)
    Total RW  Size (RW Data + ZI Data)              1264 (   1.23kB)
    Total ROM Size (Code + RO Data + RW Data)      12108 (  11.82kB)

==============================================================================

